// Jest Snapshot v1, https://goo.gl/fbAQLP

exports[`Searchbar renders correctly 1`] = `
<div>
  <form
    class="form"
  >
    <input
      placeholder="Search.."
      type="text"
    />
    <button
      class="btn btn-icon"
      type="submit"
    >
      <span
        class="material-symbols-outlined"
      >
        search
      </span>
    </button>
  </form>
</div>
`;
